/home/runner/work/restassured-cucumber-java/restassured-cucumber-java/src/test/java/com/spotify/pojo/playlists/error/ErrorRoot.java
/home/runner/work/restassured-cucumber-java/restassured-cucumber-java/src/test/java/com/spotify/runner/TestNgParallelRunner.java
/home/runner/work/restassured-cucumber-java/restassured-cucumber-java/src/test/java/com/spotify/runner/JUnitRunner.java
/home/runner/work/restassured-cucumber-java/restassured-cucumber-java/src/test/java/com/spotify/oauth/TokenManager.java
/home/runner/work/restassured-cucumber-java/restassured-cucumber-java/src/test/java/com/spotify/pojo/playlists/Playlists.java
/home/runner/work/restassured-cucumber-java/restassured-cucumber-java/src/test/java/com/spotify/config/ConfigLoader.java
/home/runner/work/restassured-cucumber-java/restassured-cucumber-java/src/test/java/com/spotify/runner/TestNgRunner.java
/home/runner/work/restassured-cucumber-java/restassured-cucumber-java/src/test/java/com/spotify/pojo/playlists/Followers.java
/home/runner/work/restassured-cucumber-java/restassured-cucumber-java/src/test/java/com/spotify/pojo/playlists/ExternalUrls__1.java
/home/runner/work/restassured-cucumber-java/restassured-cucumber-java/src/test/java/com/spotify/steps/PojoInitializer.java
/home/runner/work/restassured-cucumber-java/restassured-cucumber-java/src/test/java/com/spotify/steps/PlaylistsSteps.java
/home/runner/work/restassured-cucumber-java/restassured-cucumber-java/src/test/java/com/spotify/pojo/playlists/ExternalUrls.java
/home/runner/work/restassured-cucumber-java/restassured-cucumber-java/src/test/java/com/spotify/constant/Constants.java
/home/runner/work/restassured-cucumber-java/restassured-cucumber-java/src/test/java/com/spotify/pojo/playlists/error/Error.java
/home/runner/work/restassured-cucumber-java/restassured-cucumber-java/src/test/java/com/spotify/pojo/playlists/Tracks.java
/home/runner/work/restassured-cucumber-java/restassured-cucumber-java/src/test/java/com/spotify/steps/Hooks.java
/home/runner/work/restassured-cucumber-java/restassured-cucumber-java/src/test/java/com/spotify/pojo/playlists/Owner.java
/home/runner/work/restassured-cucumber-java/restassured-cucumber-java/src/test/java/com/spotify/steps/DependencyContainer.java
